---
source: src/scripting/mod.rs
expression: ast
---
Ast {
    source: "\n<!DOCTYPE html>\n<html lang=\"en\">\n    <head id=\"head\">\n        <meta charset=\"UTF-8\">\n\n        <meta name=\"description\" content=\"{{ page.description }}\">\n\n        <meta http-equiv=\"x-ua-compatible\" content=\"ie=edge\">\n        <meta name=\"viewport\" content=\"width=device-width, initial-scale=1, shrink-to-fit=no\">\n\n        {{ if page.author }}\n        <title>{{ page.title }} - {{ page.author }}</title>\n        {{ else }}\n        <title>{{ page.title }}</title>\n        {{ end }}\n\n        {{ slot \"head\" }}\n    </head>\n\n    <body>\n        <main>\n            {{ slot \"page\" }}\n        </main>\n    </body>\n</html>\n",
    nodes: [
        Html(
            ByteOffset {
                start: 0,
                end: 129,
            },
        ),
        Expr(
            Index(
                ByteOffset {
                    start: 132,
                    end: 148,
                },
                Var(
                    ByteOffset {
                        start: 132,
                        end: 136,
                    },
                ),
                ByteOffset {
                    start: 137,
                    end: 148,
                },
            ),
        ),
        Html(
            ByteOffset {
                start: 151,
                end: 321,
            },
        ),
        If(
            ByteOffset {
                start: 324,
                end: 475,
            },
            Index(
                ByteOffset {
                    start: 327,
                    end: 338,
                },
                Var(
                    ByteOffset {
                        start: 327,
                        end: 331,
                    },
                ),
                ByteOffset {
                    start: 332,
                    end: 338,
                },
            ),
            [
                Html(
                    ByteOffset {
                        start: 341,
                        end: 357,
                    },
                ),
                Expr(
                    Index(
                        ByteOffset {
                            start: 360,
                            end: 370,
                        },
                        Var(
                            ByteOffset {
                                start: 360,
                                end: 364,
                            },
                        ),
                        ByteOffset {
                            start: 365,
                            end: 370,
                        },
                    ),
                ),
                Html(
                    ByteOffset {
                        start: 373,
                        end: 376,
                    },
                ),
                Expr(
                    Index(
                        ByteOffset {
                            start: 379,
                            end: 390,
                        },
                        Var(
                            ByteOffset {
                                start: 379,
                                end: 383,
                            },
                        ),
                        ByteOffset {
                            start: 384,
                            end: 390,
                        },
                    ),
                ),
                Html(
                    ByteOffset {
                        start: 393,
                        end: 410,
                    },
                ),
            ],
            [
                Html(
                    ByteOffset {
                        start: 420,
                        end: 436,
                    },
                ),
                Expr(
                    Index(
                        ByteOffset {
                            start: 439,
                            end: 449,
                        },
                        Var(
                            ByteOffset {
                                start: 439,
                                end: 443,
                            },
                        ),
                        ByteOffset {
                            start: 444,
                            end: 449,
                        },
                    ),
                ),
                Html(
                    ByteOffset {
                        start: 452,
                        end: 469,
                    },
                ),
            ],
        ),
        Html(
            ByteOffset {
                start: 478,
                end: 488,
            },
        ),
        Slot(
            ByteOffset {
                start: 491,
                end: 495,
            },
        ),
        Expr(
            String(
                ByteOffset {
                    start: 497,
                    end: 501,
                },
                ByteOffset {
                    start: 498,
                    end: 500,
                },
            ),
        ),
        Html(
            ByteOffset {
                start: 505,
                end: 557,
            },
        ),
        Slot(
            ByteOffset {
                start: 560,
                end: 564,
            },
        ),
        Expr(
            String(
                ByteOffset {
                    start: 566,
                    end: 570,
                },
                ByteOffset {
                    start: 567,
                    end: 569,
                },
            ),
        ),
        Html(
            ByteOffset {
                start: 574,
                end: 611,
            },
        ),
    ],
}
